Type-safe project accessors is an incubating feature.
> Task :composeApp:checkKotlinGradlePluginConfigurationErrors SKIPPED
> Task :composeApp:convertXmlValueResourcesForAndroidMain NO-SOURCE
> Task :composeApp:copyNonXmlValueResourcesForAndroidMain NO-SOURCE
> Task :composeApp:prepareComposeResourcesTaskForAndroidMain NO-SOURCE
> Task :composeApp:generateResourceAccessorsForAndroidMain NO-SOURCE
> Task :composeApp:convertXmlValueResourcesForCommonMain UP-TO-DATE
> Task :composeApp:copyNonXmlValueResourcesForCommonMain NO-SOURCE
> Task :composeApp:prepareComposeResourcesTaskForCommonMain UP-TO-DATE
> Task :composeApp:generateResourceAccessorsForCommonMain UP-TO-DATE
> Task :composeApp:generateActualResourceCollectorsForAndroidMain UP-TO-DATE
> Task :composeApp:generateCommonMainQuickTipDatabaseInterface UP-TO-DATE
> Task :composeApp:generateComposeResClass UP-TO-DATE
> Task :composeApp:generateExpectResourceCollectorsForCommonMain UP-TO-DATE
> Task :composeApp:convertXmlValueResourcesForAndroidDebug NO-SOURCE
> Task :composeApp:copyNonXmlValueResourcesForAndroidDebug NO-SOURCE
> Task :composeApp:prepareComposeResourcesTaskForAndroidDebug NO-SOURCE
> Task :composeApp:generateResourceAccessorsForAndroidDebug NO-SOURCE
> Task :composeApp:preBuild UP-TO-DATE
> Task :composeApp:preDebugBuild UP-TO-DATE
> Task :composeApp:checkDebugAarMetadata UP-TO-DATE
> Task :composeApp:generateDebugResValues UP-TO-DATE
> Task :composeApp:processDebugGoogleServices UP-TO-DATE
> Task :composeApp:mapDebugSourceSetPaths UP-TO-DATE
> Task :composeApp:generateDebugResources UP-TO-DATE
> Task :composeApp:mergeDebugResources UP-TO-DATE
> Task :composeApp:packageDebugResources UP-TO-DATE
> Task :composeApp:parseDebugLocalResources UP-TO-DATE
> Task :composeApp:createDebugCompatibleScreenManifests UP-TO-DATE
> Task :composeApp:extractDeepLinksDebug UP-TO-DATE
> Task :composeApp:processDebugMainManifest UP-TO-DATE
> Task :composeApp:processDebugManifest UP-TO-DATE
> Task :composeApp:processDebugManifestForPackage UP-TO-DATE
> Task :composeApp:processDebugResources UP-TO-DATE
> Task :composeApp:compileDebugKotlinAndroid UP-TO-DATE
> Task :composeApp:javaPreCompileDebug UP-TO-DATE
> Task :composeApp:compileDebugJavaWithJavac NO-SOURCE
> Task :composeApp:convertXmlValueResourcesForAndroidUnitTest NO-SOURCE
> Task :composeApp:copyNonXmlValueResourcesForAndroidUnitTest NO-SOURCE
> Task :composeApp:prepareComposeResourcesTaskForAndroidUnitTest NO-SOURCE
> Task :composeApp:generateResourceAccessorsForAndroidUnitTest NO-SOURCE
> Task :composeApp:convertXmlValueResourcesForAndroidUnitTestDebug NO-SOURCE
> Task :composeApp:copyNonXmlValueResourcesForAndroidUnitTestDebug NO-SOURCE
> Task :composeApp:prepareComposeResourcesTaskForAndroidUnitTestDebug NO-SOURCE
> Task :composeApp:generateResourceAccessorsForAndroidUnitTestDebug NO-SOURCE
> Task :composeApp:convertXmlValueResourcesForCommonTest NO-SOURCE
> Task :composeApp:copyNonXmlValueResourcesForCommonTest NO-SOURCE
> Task :composeApp:prepareComposeResourcesTaskForCommonTest NO-SOURCE
> Task :composeApp:generateResourceAccessorsForCommonTest NO-SOURCE
> Task :composeApp:preDebugUnitTestBuild UP-TO-DATE
> Task :composeApp:javaPreCompileDebugUnitTest
> Task :composeApp:processDebugJavaRes UP-TO-DATE
> Task :composeApp:buildKotlinToolingMetadata UP-TO-DATE
> Task :composeApp:convertXmlValueResourcesForAndroidRelease NO-SOURCE
> Task :composeApp:copyNonXmlValueResourcesForAndroidRelease NO-SOURCE
> Task :composeApp:prepareComposeResourcesTaskForAndroidRelease NO-SOURCE
> Task :composeApp:generateResourceAccessorsForAndroidRelease NO-SOURCE
> Task :composeApp:preReleaseBuild UP-TO-DATE
> Task :composeApp:checkReleaseAarMetadata UP-TO-DATE
> Task :composeApp:generateReleaseResValues UP-TO-DATE
> Task :composeApp:processReleaseGoogleServices UP-TO-DATE
> Task :composeApp:bundleDebugClassesToRuntimeJar
> Task :composeApp:bundleDebugClassesToCompileJar
> Task :composeApp:mapReleaseSourceSetPaths UP-TO-DATE
> Task :composeApp:generateReleaseResources UP-TO-DATE
> Task :composeApp:mergeReleaseResources UP-TO-DATE
> Task :composeApp:packageReleaseResources UP-TO-DATE
> Task :composeApp:parseReleaseLocalResources UP-TO-DATE
> Task :composeApp:createReleaseCompatibleScreenManifests UP-TO-DATE
> Task :composeApp:extractDeepLinksRelease UP-TO-DATE
> Task :composeApp:processReleaseMainManifest UP-TO-DATE
> Task :composeApp:processReleaseManifest UP-TO-DATE
> Task :composeApp:processReleaseManifestForPackage UP-TO-DATE
> Task :composeApp:processReleaseResources UP-TO-DATE
> Task :composeApp:compileReleaseKotlinAndroid UP-TO-DATE
> Task :composeApp:javaPreCompileRelease UP-TO-DATE
> Task :composeApp:compileReleaseJavaWithJavac NO-SOURCE
> Task :composeApp:convertXmlValueResourcesForAndroidUnitTestRelease NO-SOURCE
> Task :composeApp:copyNonXmlValueResourcesForAndroidUnitTestRelease NO-SOURCE
> Task :composeApp:prepareComposeResourcesTaskForAndroidUnitTestRelease NO-SOURCE
> Task :composeApp:generateResourceAccessorsForAndroidUnitTestRelease NO-SOURCE
> Task :composeApp:preReleaseUnitTestBuild UP-TO-DATE
> Task :composeApp:javaPreCompileReleaseUnitTest
> Task :composeApp:processReleaseJavaRes UP-TO-DATE
> Task :composeApp:bundleReleaseClassesToCompileJar
> Task :composeApp:bundleReleaseClassesToRuntimeJar
> Task :composeApp:compileReleaseUnitTestKotlinAndroid
> Task :composeApp:compileReleaseUnitTestJavaWithJavac NO-SOURCE
> Task :composeApp:processReleaseUnitTestJavaRes
> Task :composeApp:compileDebugUnitTestKotlinAndroid
> Task :composeApp:testReleaseUnitTest
> Task :composeApp:compileDebugUnitTestJavaWithJavac NO-SOURCE
> Task :composeApp:processDebugUnitTestJavaRes
> Task :composeApp:testDebugUnitTest
> Task :composeApp:test

BUILD SUCCESSFUL in 2s
54 actionable tasks: 12 executed, 42 up-to-date
